pool_dualrun_reconcile: rc=0 (0s) | [pool_dualrun] ZERO-DRIFT (merged view == shared blob, 403 entries, drift-free streak 51, cutoff 2026-10-05T01:13:21+08:00)
compute_audit: rc=0 (8s) | {"ts": "2026-10-06 23:58:37", "audit_version": "v2.4.2", "cpu_total_pct": 7.0, "py_cpu_pct": 0.1, "cores": 32, "py_procs": 9, "result_stale_min": 0.1,
py_watermark: rc=0 (6s) | {"ts": "2026-10-06 23:58:44", "epoch": 1791302318.0, "machine": "bm-c", "cpu_total_pct": 5.0, "cores": 32, "py_cpu_pct": 0.1, "py_procs": 9, "top_proc
update_daily: rc=0 (3s) | core pool: 48 CSVs | today-bar guard: >= 15:30:00 | new rows: 0 | failures: 0 | overlap_mismatch: [] | data cutoff: 2026-09-30 | status -> K:\Fluxgrou
market_regime: rc=0 (1s) |   asof=2026-09-30 state=ORANGE (³È¡¤¸ßÎ£) raw=ORANGE days_in_state=2 mode=shadow |   trigger: hs300<MA200 (#10 collected) |   trigger: breadth 0.79>=65%
strategy_scorecard: rc=0 (64s) |   COMPOSITE-CE-02    A  total= 73.0  d1=84 d2=67 d3=46 d4=100 d5=24 d6=100 d7=100  veto=clean |   ENGULF-CE-01       A  total= 66.8  d1=83 d2=47 d3=34
market_clock_call: rc=0 (20s) | call written: K:\Fluxgroup\FluxGroup\quant\bigmoney\results\market_clock\CALL-2026-09-30.md cell=ORANGE_COOL sleeves=4 activated=0
update_lhb: rc=0 (4s) |  82%|¨€¨€¨€¨€¨€¨€¨€¨€¨‡ | 9/11 [00:01<00:00,  5.95it/s] |  91%|¨€¨€¨€¨€¨€¨€¨€¨€¨€ | 10/11 [00:01<00:00,  5.30it/s] | 100%|¨€¨€¨€¨€¨€¨€¨€¨€¨€¨€| 11/11 [00:01<00:00,  5.63it/s]
update_heat: rc=0 (1s) | no-op: heat lane host bm-a authority, this machine (bm-c) stdout-only (R31 lane-guard, r378 catch #5)
update_futures: rc=0 (0s) | no-op: local cutoff 2026-09-30 covers expected complete-bar date 2026-09-30 -> zero network
update_repo: rc=0 (0s) | no-op: repo rates lane owned by bm-a, not this machine (bm-c)
update_options: rc=0 (0s) | no-op: options lane owned by bm-a, not this machine (bm-c)
update_moneyflow: rc=0 (0s) | no-op: moneyflow lane owned by bm-a, not this machine (bm-c)
update_sina_mf: rc=0 (0s) | no-op: sina_mf lane owned by bm-a, not this machine (bm-c)
update_astock_daily: rc=0 (1s) | no-op: astock_daily lane owned by bm-b, not this machine (bm-c)
update_etf_daily: rc=0 (0s) | no-op: five-member ETF daily lane owned by bm-b, not this machine (bm-c)
rev_osc_signal_export: rc=0 (1s) | rev_osc_signal_export: lane guard (owner=bm-b, this=bm-c) -- stdout-only honest no-op
update_minute_feed: rc=0 (0s) | update_minute_feed: lane guard (owner=bm-b, this=bm-c) -- stdout-only honest no-op
update_ths_panel: rc=0 (1s) | no-op: ths panel lane owned by bm-a, not this machine (bm-c)
ah_panel_puller: rc=0 (0s) | no-op: ah panel lane owned by bm-a, not this machine (bm-c)
update_fund_premium: rc=0 (0s) | no-op: before 15:30:00 (close-data alignment, update_heat precedent)
update_fundamental: rc=0 (1s) | snapshot fresh (9.8h < 24h) -> skip
b_layer_filter: rc=0 (1s) | gates: {'universe_unique': True, 'excluded_reconciles': True, 'total_reconciles': True, 'determinism': True, 'all_pass': True} | mask -> K:\Fluxgroup\
update_fund_statements: rc=0 (0s) | no-op: fund statements lane owned by bm-a, not this machine (bm-c)
live_paper: rc=0 (9s) | NEEDLE-DE-01: anchor OK (cutoff 2026-09-22) | paper 5 bars since 2026-09-23 | months_tracked=0 dd=0.0 | x2: insufficient_data | x2 watch: ok | saved K
t35_open_fill_verify: rc=0 (0s) | lane_io single-writer guard: results/t35_open_fill_verify.json host=bm-a heartbeat stale 42min -> stale-takeover derive by bm-c (O-2100 s2.4 STALE_MIN
t24_prospect_paper: rc=0 (2s) | prospect lane: enforce requested, DOWNGRADED to shadow semantics (date gate 2026-10-01) | prospect lane: forward_guard t14_rules_fidelity.build_guard 
t24_prospect_promotion: rc=0 (0s) | PROS-TMU-CE-01: eligible=False (paper=0m g2_pack=subleg_fail t22_rows=0) | PROS-VOB-CE-01: eligible=False (paper=0m g2_pack=subleg_fail t22_rows=0) | 
aggressive_lab: rc=0 (18s) | aggr paper: marks already at panel cutoff 2026-09-30 -- no-op (idempotent)
alloc_paper: rc=0 (1s) | no-op: alloc_paper lane owned by bm-b, not this machine (bm-c)
grid_paper: rc=0 (1s) | grid paper: marks already at panel cutoff 2026-09-30 -- no-op (idempotent)
system_v1_paper: rc=0 (1s) | system_v1_paper: lane guard (owner=bm-a, this=bm-c) -- stdout-only honest no-op
t35_paper_export: rc=0 (0s) | lane_io single-writer guard: results/paper_export/* host=bm-a heartbeat stale 43min -> stale-takeover derive by bm-c (O-2100 s2.4 STALE_MIN law) | exp
daily_scorecard: rc=0 (0s) | lane_io single-writer guard: results/daily_scorecard.json host=bm-a heartbeat stale 43min -> stale-takeover derive by bm-c (O-2100 s2.4 STALE_MIN law)
daily_report: rc=0 (1s) | daily report written: REPORT-2026-10-07.md/.json faces=5 token=1
ceo_live_usage: rc=0 (0s) | ceo_live_usage: K:\Fluxgroup\FluxGroup\quant\bigmoney\docs\live_usage\LIVE-2026-10-07.md (+ .json twin + LIVE-latest pointers) written (state=ORANGE, 
build_status: rc=0 (20s) | lane_io single-writer guard: results/dashboard_status.json host=bm-a heartbeat stale 43min -> stale-takeover derive by bm-c (O-2100 s2.4 STALE_MIN law
token_meter: rc=0 (0s) | saved: K:\Fluxgroup\FluxGroup\quant\bigmoney\results\token_usage.json | per-round fixed context ~ 12980 + 9069 tokens (rough); ledger cumulative ~ 204

NON-ZERO LEGS: none
