01_dualrun: rc=0 (1s) | [pool_dualrun] ZERO-DRIFT (merged view == shared blob, 403 entries, drift-free streak 51, cutoff 2026-10-05T01:13:21+08:00)
02_compute_audit: rc=3221225786 (4s) | (no output)
03_py_watermark: rc=3221225786 (3s) | (no output)
04_update_daily: rc=3221225786 (4s) | (no output)
05_market_regime: rc=0 (2s) |   asof=2026-09-30 state=ORANGE (³È¡¤¸ßÎ£) raw=ORANGE days_in_state=2 mode=shadow |   trigger: hs300<MA200 (#10 collected) |   trigger: breadth 0.79>=65%
06_scorecard: rc=3221225786 (3s) | (no output)
07_clock_call: rc=3221225786 (4s) | (no output)
08_lhb: rc=0 (2s) | cutoff=2026-09-30 quarter=2026Q3 today=2026-10-06 | no-op: <30min since last fetch attempt (min-interval guard)
09_heat: rc=0 (2s) | no-op: heat lane host bm-a authority, this machine (bm-c) stdout-only (R31 lane-guard, r378 catch #5)
10_futures: rc=0 (1s) | no-op: local cutoff 2026-09-30 covers expected complete-bar date 2026-09-30 -> zero network
11_repo: rc=0 (1s) | no-op: repo rates lane owned by bm-a, not this machine (bm-c)
12_options: rc=0 (1s) | no-op: options lane owned by bm-a, not this machine (bm-c)
13_moneyflow: rc=0 (1s) | no-op: moneyflow lane owned by bm-a, not this machine (bm-c)
14_sina_mf: rc=0 (1s) | no-op: sina_mf lane owned by bm-a, not this machine (bm-c)
15_astock_daily: rc=0 (3s) | no-op: astock_daily lane owned by bm-b, not this machine (bm-c)
16_etf_daily: rc=0 (1s) | no-op: five-member ETF daily lane owned by bm-b, not this machine (bm-c)
17_rev_osc: rc=0 (2s) | rev_osc_signal_export: lane guard (owner=bm-b, this=bm-c) -- stdout-only honest no-op
18_minute_feed: rc=0 (1s) | update_minute_feed: lane guard (owner=bm-b, this=bm-c) -- stdout-only honest no-op
19_ths_panel: rc=0 (1s) | no-op: ths panel lane owned by bm-a, not this machine (bm-c)
20_ah_panel: rc=0 (1s) | no-op: ah panel lane owned by bm-a, not this machine (bm-c)
21_fund_premium: rc=0 (1s) | no-op: snapshot 2026-09-30 already covers expected NAV date 2026-09-30
22_fundamental: rc=0 (2s) | snapshot fresh (7.3h < 24h) -> skip
23_b_layer: rc=0 (2s) | gates: {'universe_unique': True, 'excluded_reconciles': True, 'total_reconciles': True, 'determinism': True, 'all_pass': True} | mask -> K:\Fluxgroup\
24_fund_statements: rc=0 (1s) | no-op: fund statements lane owned by bm-a, not this machine (bm-c)
25_live_paper: rc=3221225786 (10s) | (no output)
26_t35_open_fill: rc=0 (1s) | lane_io single-writer guard: results/t35_open_fill_verify.json host=bm-a heartbeat stale 58min -> stale-takeover derive by bm-c (O-2100 s2.4 STALE_MIN
27_t24_prospect: rc=0 (3s) | prospect lane: enforce requested, DOWNGRADED to shadow semantics (date gate 2026-10-01) | prospect lane: forward_guard t14_rules_fidelity.build_guard 
28_t24_promotion: rc=0 (1s) | PROS-TMU-CE-01: eligible=False (paper=0m g2_pack=subleg_fail t22_rows=0) | PROS-VOB-CE-01: eligible=False (paper=0m g2_pack=subleg_fail t22_rows=0) | 
29_aggr_paper: rc=3221225786 (1s) | (no output)
30_alloc_paper: rc=0 (1s) | no-op: alloc_paper lane owned by bm-b, not this machine (bm-c)
31_grid_paper: rc=0 (1s) | grid paper: marks already at panel cutoff 2026-09-30 -- no-op (idempotent)
32_system_v1: rc=0 (2s) | system_v1_paper: lane guard (owner=bm-a, this=bm-c) -- stdout-only honest no-op
33_t35_export: rc=0 (1s) | lane_io single-writer guard: results/paper_export/* host=bm-a heartbeat stale 59min -> stale-takeover derive by bm-c (O-2100 s2.4 STALE_MIN law) | exp
34_daily_scorecard: rc=0 (1s) | lane_io single-writer guard: results/daily_scorecard.json host=bm-a heartbeat stale 59min -> stale-takeover derive by bm-c (O-2100 s2.4 STALE_MIN law)
35_daily_report: rc=0 (2s) | daily report written: REPORT-2026-10-06.md/.json faces=5 token=1
36_ceo_live: rc=0 (1s) | ceo_live_usage: K:\Fluxgroup\FluxGroup\quant\bigmoney\docs\live_usage\LIVE-2026-10-06.md (+ .json twin + LIVE-latest pointers) written (state=ORANGE, 
37_build_status: rc=0 (30s) | lane_io single-writer guard: results/dashboard_status.json host=bm-a heartbeat stale 59min -> stale-takeover derive by bm-c (O-2100 s2.4 STALE_MIN law
38_token_meter: rc=0 (1s) | saved: K:\Fluxgroup\FluxGroup\quant\bigmoney\results\token_usage.json | per-round fixed context ~ 12980 + 8720 tokens (rough); ledger cumulative ~ 204

NON-ZERO LEGS: [('02_compute_audit', 3221225786), ('03_py_watermark', 3221225786), ('04_update_daily', 3221225786), ('06_scorecard', 3221225786), ('07_clock_call', 3221225786), ('25_live_paper', 3221225786), ('29_aggr_paper', 3221225786)]
