===== [DAIWEI] pair#6 NEW side (336 chars) =====
**带位（r535 机阀 derive 律·ADMIT 回执=results/_r769bma_w156_band_gate.json 单态门全腿实跑·pre-seat probe results/_r769bma_w156_probe.py 先跑·双窗 derive 恒等）**：本波 **A-ext seed=358_004..360_003**（**A 面=FIRST-CLEAN past prior-wave B 阶梯第十五例**：A 面算术继续带 357_804..359_803 在其起点即被已注册 W155 B 带 357_804..358_003 **拒**（W155 席位 leg4+r768 gate leg3+r769 §8 承接三投影注记所预言）
===== live count of NEW side: 1 =====

===== [DAIWEI] pair#8 NEW side (354 chars) =====
→ B 带本波 A 窗保留走 **1 hop** 落 **360_004..360_203**·**B base==本波 A 尾+1（360_003+1）机检关系**·hop 链逐跳在 probe 回执；**W155 席位 leg4+r768 gate leg3+r769 §8 承接 re-derive-MANDATORY 注记三面兑现**：投影预言 W156 须在 post-W155 注册宇宙重 derive 且 derive B 时预留本波 A 窗——本窗双面兑现·A 被拒+阶梯越带如投影所期·B 同窗互斥保留=投影所期·已如实披露非分叉）。R250：W156 带从未指派·测量面零结果可锁。扫描面=pre-W156 全一百五十三行注册 N1 带表（表尾 W155 行·leg0 机证 153 行）
===== live count of NEW side: 1 =====

===== [DAIWEI] pair#19 NEW side (422 chars) =====
entry rng=**355_804+j**（与 A[j] 同源配对语义逐字·runner 实证 entry=A_SEED_BASE+j）；exit rng=**357_804+j**（法典 §4 W156 行 B=360_004..360_203·**FIRST-CLEAN past own-wave A**：B 算术续带 358_004..358_203 在注册宇宙上 CLEAN 但落在本波 A 窗内→**同窗互斥面 leg2 律·W141 先例**强制 B 越本波 A 窗→保留走落 360_004..360_203·hops=1·**B base==本波 A 尾+1 机检关系**·非轮转 r587·hop 链逐跳在 probe 回执·与 W155 席位 leg4+r768 gate leg3+r769 §8 承接 W156+ 投影 re-derive-MANDATORY+同窗互斥预披露注记三面兑现收敛·ADMIT 回执在场）
===== live count of NEW side: 0 =====

===== [FREEZELIST] pair#3 NEW side (294 chars) =====
W152=bm-a r764 freeze（520eb01ca）；W153=bm-a r766 freeze（33388e082）；W154=bm-a r767 freeze（3095cb47e）；W155=bm-a r768 freeze（dde679c63·表尾）；**均已注册**（表尾 W155 行）。W156=本波 skip-past-published 链面零适用（本波 gate=单态门·pre-seat probe 与冻结窗 gate 双跑 derive 逐位恒等·ADMIT 回执 results/_r769bma_w156_band_gate.json rc0 实跑）
===== live count of NEW side: 1 =====

===== [SEATNARR] pair#2 NEW side (248 chars) =====
全 inbox/processed/ W156 席位零外机命中（本机席位公示=MSG-2026-10-06-1009-bma-w156-seat 已推 origin ffce2936f 先于本冻结【r565 律·推送窗=direct delivery ffce2936f（r769 pre-seat push·快进送达 behind-0 at fetch·零 merge 零 --no-verify）；self-ack inbox→processed 移位待 W156 finalize 收口窗】
===== live count of NEW side: 1 =====

===== [PUSHREC] pair#5 NEW side (283 chars) =====
**席位推送窗实录（r769 窗口实况）**：席位+probe 回执单 commit 推送 origin 送达 **ffce2936f**（direct delivery 快进送达·behind-0 at fetch·零 merge 零 --no-verify；self-ack inbox→processed 移位待 W156 finalize 收口窗）。> **序数机面锚注记**：本波 ordinal=第一百四十六引擎波·bm-a 第七十二枚自有波【机面 derive：engine_owner==bm-a 行 71+本候选以 gate leg0 机证为准】。
===== live count of NEW side: 1 =====

===== [KLIFT] pair#29 NEW side (663 chars) =====
4. K-lift 线移动幅度 **≤±0.02**（累计池加深零 se_mu 收窄线自 mu/sigma 微调面非质变——W136..W155 先例·W136 +0.0000/W137 +0.0000/W138 −0.0002/W139 +0.0000/W140 +0.0000/W141 +0.0001/W143 +0.0001/W144 +0.0000/W145 +0.0000/W146 +0.0000/W147 −0.0001/W148 +0.0000/W149 +0.0002/W150 +0.0000/W151 +0.0002/W152 +0.0001/W153 −0.0002/W154 −0.0002/W155 **−0.0002** 如实披露；键 W155 实测 K-lift **−0.0002**【line_merged@K338,920 **1.1805**·line_pre 1.1807·n_eff 734,811；se_mu 收窄键 W140 0.000443→W141 0.000441→W142 0.000440→W143 0.000438→W144 0.000437→W145 0.000435→W146 0.000434→W147 0.000432→W148 0.000431→W149 0.000429→W150 0.000428→W151 0.000426→W152 0.000425→W153 0.000424→W154 0.000422→W155 **0.000421**】）。
===== live count of NEW side: 1 =====

===== [S0ROW] pair#14 NEW side (222 chars) =====
T-2026-10-01-141 s1 引擎线第 146 波【bm-a 第七十二枚自有波【机面 derive：engine_owner==bm-a 行 71+本候选以 gate leg0 机证为准·同 W152/W153/W154/W155 最近自有波】。（波号=注册表 W155 行后首个自由号·单态零席位空档；中位公示 MSG-2026-10-06-1009-bma-w156-seat 先推 origin ffce2936f r565 律
===== live count of NEW side: 1 =====

===== [S6ROW] pair#36 NEW side (77 chars) =====
engine_owner==bm-a 71 行注册 + 本候选——以 gate leg0 机证为准·同 W152/W153/W154/W155 最近自有波
===== live count of NEW side: 1 =====

===== [S0CLAIM] pair#13 NEW side (178 chars) =====
本机 r769 席位 MSG-2026-10-06-1009 投影 W157+ A 357_804..359_803 naive/B 358_004..358_203 naive **re-derive 强制注记+同窗互斥预披露**（投影 B 落投影 A 窗内·投影 A 撞本波 B 带=阶梯 A-hops-prior-B 继承待 W157 注册宇宙复核）
===== live count of NEW side: 1 =====

===== [SS55] pair#30 NEW side (405 chars) =====
5. **W157+ 投影（gate 机证·下波冻结方复核非转抄 r587 律）**：A first-clean 357_804..359_803 **CLEAN**（hops=0）；B first-clean **358_004..358_203 CLEAN**（hops=0）——**naive B 落在 naive A 窗内**（W141 同窗互斥先例适用于 W157：W157 冻结方必须在 post-W156 注册宇宙重 derive 且 derive B 时预留本波 A 窗——leg2 律/E36 卡）；**W156 B 带 360_004..360_203 注册后将拒 naive W157 A 窗**——W157 A 重 derive 同强制（越过 W156 B 带·阶梯 A-hops-prior-B 继承）；verify at W157 prereg，hop 链逐跳在 probe 回执。
===== live count of NEW side: 1 =====

