LEG 01_dualrun RC=0 (0s)
LEG 02_compute_audit RC=0 (8s)
LEG 03_py_watermark RC=0 (14s)
LEG 04_update_daily RC=0 (17s)
LEG 05_market_regime RC=0 (18s)
LEG 06_scorecard RC=0 (82s)
LEG 07_clock_call RC=0 (88s)
LEG 08_lhb RC=0 (199s)
LEG 09_heat RC=0 (200s)
LEG 10_futures RC=0 (200s)
LEG 11_repo RC=0 (200s)
LEG 12_options RC=0 (200s)
LEG 13_moneyflow RC=0 (200s)
LEG 14_sina_mf RC=0 (200s)
LEG 15_astock_daily RC=0 (201s)
LEG 16_etf_daily RC=0 (201s)
LEG 17_rev_osc RC=0 (202s)
LEG 18_minute_feed RC=0 (202s)
LEG 19_ths_panel RC=0 (202s)
LEG 20_ah_panel RC=0 (202s)
LEG 21_fund_premium RC=0 (203s)
LEG 22_fundamental RC=0 (203s)
LEG 23_b_layer RC=0 (204s)
LEG 24_fund_statements RC=0 (204s)
LEG 29_aggr_paper RC=0 (221s)
LEG 30_alloc_paper RC=0 (222s)
LEG 31_grid_paper RC=0 (223s)
LEG 32_system_v1 RC=0 (223s)
LEG 33_t35_export RC=0 (223s)
LEG 34_daily_scorecard RC=0 (223s)
LEG 35_daily_report RC=0 (224s)
LEG 36_ceo_live RC=0 (224s)
LEG 37_build_status RC=0 (246s)
LEG 38_token_meter RC=0 (246s)
LEG 39_trio_readiness RC=0 (306s)
SUMMARY legs=35 nonzero=[]
