panel tail BEFORE: 2026-10-09
[05:18:59] dualrun_reconcile: rc=0 (0s)
[05:19:08] compute_audit: rc=0 (9s)
[05:19:14] py_watermark: rc=0 (7s)
[05:19:17] update_daily: rc=0 (2s)
[05:19:18] market_regime: rc=0 (1s)
[05:20:11] strategy_scorecard: rc=0 (54s)
[05:20:29] market_clock_call: rc=0 (18s)
[05:20:30] update_lhb: rc=0 (1s)
[05:20:30] update_zt_pool: rc=0 (1s)
[05:20:31] update_heat: rc=0 (1s)
[05:20:31] update_futures: rc=0 (0s)
[05:20:32] update_repo: rc=0 (0s)
[05:20:42] update_moneyflow: rc=0 (10s)
[05:20:42] update_sina_mf: rc=0 (0s)
[05:20:43] update_astock_daily: rc=0 (1s)
[05:20:44] update_etf_daily: rc=0 (0s)
[05:21:08] regime_thermo_build: rc=0 (25s)
[05:21:09] rev_osc_signal_export: rc=0 (1s)
[05:21:09] update_minute_feed: rc=0 (0s)
[05:21:40] update_ths_panel: rc=0 (31s)
[05:21:50] ah_panel_puller: rc=0 (11s)
[05:21:51] update_fund_premium: rc=0 (0s)
[05:21:51] update_fundamental: rc=0 (1s)
[05:21:52] b_layer_filter: rc=0 (1s)
[05:21:53] update_fund_statements: rc=0 (1s)
panel tail AFTER update_daily: 2026-10-09
[05:21:58] live_paper: rc=0 (5s)
[05:21:59] t35_open_fill_verify: rc=0 (0s)
[05:22:00] t24_prospect_paper: rc=0 (1s)
[05:22:09] t24_prospect_promotion: rc=0 (9s)
[05:22:41] aggressive_lab_paper: rc=0 (32s)
[05:22:42] alloc_paper: rc=0 (1s)
[05:22:42] grid_paper: rc=0 (1s)
[05:22:43] system_v1_paper: rc=0 (1s)
[05:22:43] t35_paper_export: rc=0 (0s)
[05:22:43] daily_scorecard: rc=0 (0s)
[05:22:45] daily_report: rc=0 (1s)
[05:22:45] ceo_live_usage: rc=0 (0s)
[05:23:02] build_status: rc=0 (17s)
[05:23:02] token_meter: rc=0 (0s)
SUMMARY bad_legs: NONE
